2026-10-04 21:44:00,732 [INFO]   TRADE SIGNAL: CASH → TQQQ_100
2026-10-04 21:44:00,732 [INFO]   Bought TQQQ: 200.0000 @ $50.00 = $10,000.00 (target 100%)
2026-10-04 21:44:00,734 [INFO]   TRADE SIGNAL: TQQQ_100 → TQQQ_30
2026-10-04 21:44:00,734 [INFO]   TRIM TQQQ: 140.0000 @ $50.00 = $7,000.00 (target 30%)
2026-10-04 21:44:00,735 [INFO]   TRADE SIGNAL: SQQQ → TQQQ_100
2026-10-04 21:44:00,735 [INFO]   Sold SQQQ: 500.0000 @ $20.00 = $10,000.00
2026-10-04 21:44:00,736 [INFO]   Bought TQQQ: 200.0000 @ $50.00 = $10,000.00 (target 100%)
2026-10-04 21:44:00,736 [INFO]   No change — already in TQQQ_100
2026-01-06 15:49:00,737 [INFO]   Cash interest accrued: $1.23 (1 days @ 4.5% annual)
2026-10-04 21:44:00,737 [INFO]   RSI reset: 58.0 -> 62.0 crossed 60 — trim lock released
2026-10-04 21:45:07,062 [INFO]   TRADE SIGNAL: CASH → TQQQ_100
2026-10-04 21:45:07,063 [INFO]   Bought TQQQ: 200.0000 @ $50.00 = $10,000.00 (target 100%)
2026-10-04 21:45:07,063 [INFO]   TRADE SIGNAL: TQQQ_100 → TQQQ_30
2026-10-04 21:45:07,063 [INFO]   TRIM TQQQ: 140.0000 @ $50.00 = $7,000.00 (target 30%)
2026-10-04 21:45:07,064 [INFO]   TRADE SIGNAL: SQQQ → TQQQ_100
2026-10-04 21:45:07,064 [INFO]   Sold SQQQ: 500.0000 @ $20.00 = $10,000.00
2026-10-04 21:45:07,064 [INFO]   Bought TQQQ: 200.0000 @ $50.00 = $10,000.00 (target 100%)
2026-10-04 21:45:07,065 [INFO]   No change — already in TQQQ_100
2026-01-06 15:49:00,066 [INFO]   Cash interest accrued: $1.23 (1 days @ 4.5% annual)
2026-10-04 21:45:07,066 [INFO]   RSI reset: 58.0 -> 62.0 crossed 60 — trim lock released
